     1                                  ; hello-os
     2                                  ; TAB=4
     3                                  
     4                                  	ORG 0x7c00
     5                                  
     6                                  ; FAT12フォーマットフロッピーディスクのための記述
     7 00000000 EB4E                    	JMP		entry
     8 00000002 90                      	DB		0x90
     9 00000003 48415249424F5445        	DB		"HARIBOTE"
    10 0000000B 0002                    	DW		512 ; 1セクタの大きさ。フロッピーディスクは512バイト。
    11 0000000D 01                      	DB		1
    12 0000000E 0100                    	DW		1
    13 00000010 02                      	DB		2
    14 00000011 E000                    	DW		224
    15 00000013 400B                    	DW		2880
    16 00000015 F0                      	DB		0xf0
    17 00000016 0900                    	DW		9
    18 00000018 1200                    	DW		18
    19 0000001A 0200                    	DW		2
    20 0000001C 00000000                	DD		0
    21 00000020 400B0000                	DD		2880
    22 00000024 000029                  	DB		0,0,0x29
    23 00000027 FFFFFFFF                	DD		0xffffffff
    24 0000002B 48415249424F54454F-     	DB		"HARIBOTEOS "
    24 00000034 5320               
    25 00000036 4641543132202020        	DB		"FAT12   "
    26 0000003E 00<rep 12h>             	TIMES	18 DB 0x00
    27                                  
    28                                  ; プログラム本体
    29                                  entry:
    30 00000050 B80000                  	MOV		AX,0 ; レジスタ初期化
    31 00000053 8ED0                    	MOV		SS,AX
    32 00000055 BC007C                  	MOV		SP,0x7c00
    33 00000058 8ED8                    	MOV		DS,AX
    34                                  
    35                                  ; ディスクを読む
    36 0000005A B82008                  	MOV		AX,0x0820
    37 0000005D 8EC0                    	MOV		ES,AX
    38 0000005F B500                    	MOV		CH,0 ; シリンダ0
    39 00000061 B600                    	MOV		DH,0 ; ヘッド0
    40 00000063 B102                    	MOV		CL,2 ; セクタ2
    41                                  
    42                                  readloop:
    43 00000065 BE0000                  	MOV		SI,0 ; 失敗回数を数えるレジスタ
    44                                  
    45                                  retry:
    46 00000068 B402                    	MOV		AH,0x02 ; ディスク読込み
    47 0000006A B001                    	MOV		AL,1 ; 1セクタ
    48 0000006C BB0000                  	MOV		BX,0
    49 0000006F B200                    	MOV		DL,0x00 ; Aドライブ
    50 00000071 CD13                    	INT		0x13 ; BIOS呼び出し
    51 00000073 7310                    	JNC		next
    52 00000075 83C601                  	ADD		SI,1
    53 00000078 83FE05                  	CMP		SI,5
    54 0000007B 731A                    	JAE		error ; SI >= 5 だったらerrorへ
    55 0000007D B400                    	MOV		AH,0x00
    56 0000007F B200                    	MOV		DL,0x00
    57 00000081 CD13                    	INT		0x13 ; システムのリセット
    58 00000083 EBE3                    	JMP		retry
    59                                  
    60                                  next:
    61 00000085 8CC0                    	MOV		AX,ES
    62 00000087 83C020                  	ADD		AX, 0x0020
    63 0000008A 8EC0                    	MOV		ES,AX
    64 0000008C 80C101                  	ADD		CL,1
    65 0000008F 80F912                  	CMP		CL,18
    66 00000092 76D1                    	JBE		readloop
    67                                  
    68                                  
    69                                  fin:
    70 00000094 F4                      	HLT
    71 00000095 EBFD                    	JMP		fin
    72                                  
    73                                  error:
    74 00000097 BE[AC00]                	MOV		SI,msg
    75                                  
    76                                  putloop:
    77 0000009A 8A04                    	MOV		AL,[SI]
    78 0000009C 83C601                  	ADD		SI,1
    79 0000009F 3C00                    	CMP		AL,0
    80 000000A1 74F1                    	JE		fin
    81 000000A3 B40E                    	MOV		AH,0x0e
    82 000000A5 BB0F00                  	MOV		BX,15
    83 000000A8 CD10                    	INT		0x10
    84 000000AA EBEE                    	JMP		putloop
    85                                  
    86                                  ; メッセージ部分
    87                                  msg:
    88 000000AC 0A0A                    	DB		0x0a, 0x0a
    89 000000AE 6C6F6164206572726F-     	DB		"load error"
    89 000000B7 72                 
    90 000000B8 0A                      	DB		0x0a
    91 000000B9 00                      	DB		0
    92                                  	; RESB	0x7dfe-$ ではnasmだとエラーになる
    93                                  	; $ - $$ : 現在位置からこのセクションの開始位置までのサイズ(使用済み容量) 
    94                                  	; 0x1fe : ブートセクタの終わりアドレス(510バイト)
    95                                  	; 0x1fe - ($ - $$) : 残りの容量
    96 000000BA 00<rep 144h>            	TIMES 	0x1fe-($-$$) DB 0x00
    97 000001FE 55AA                    	DB		0x55, 0xaa ; ブートセクタは「55 AA」で終わっている必要がある
